##fileformat=VCFv4.2
##FILTER=<ID=PASS,Description="All filters passed">
##contig=<ID=17,length=4200>
##ALT=<ID=*,Description="Represents allele(s) other than observed.">
##INFO=<ID=INDEL,Number=0,Type=Flag,Description="Indicates that the variant is an INDEL.">
##INFO=<ID=IDV,Number=1,Type=Integer,Description="Maximum number of raw reads supporting an indel">
##INFO=<ID=IMF,Number=1,Type=Float,Description="Maximum fraction of raw reads supporting an indel">
##INFO=<ID=DP,Number=1,Type=Integer,Description="Raw read depth">
##INFO=<ID=VDB,Number=1,Type=Float,Description="Variant Distance Bias for filtering splice-site artefacts in RNA-seq data (bigger is better)",Version="3">
##INFO=<ID=RPB,Number=1,Type=Float,Description="Mann-Whitney U test of Read Position Bias (bigger is better)">
##INFO=<ID=MQB,Number=1,Type=Float,Description="Mann-Whitney U test of Mapping Quality Bias (bigger is better)">
##INFO=<ID=BQB,Number=1,Type=Float,Description="Mann-Whitney U test of Base Quality Bias (bigger is better)">
##INFO=<ID=MQSB,Number=1,Type=Float,Description="Mann-Whitney U test of Mapping Quality vs Strand Bias (bigger is better)">
##INFO=<ID=SGB,Number=1,Type=Float,Description="Segregation based metric.">
##INFO=<ID=MQ0F,Number=1,Type=Float,Description="Fraction of MQ0 reads (smaller is better)">
##INFO=<ID=I16,Number=16,Type=Float,Description="Auxiliary tag used for calling, see description of bcf_callret1_t in bam2bcf.h">
##INFO=<ID=QS,Number=R,Type=Float,Description="Auxiliary tag used for calling">
##FORMAT=<ID=PL,Number=G,Type=Integer,Description="List of Phred-scaled genotype likelihoods">
#CHROM	POS	ID	REF	ALT	QUAL	FILTER	INFO	FORMAT	HG00100
17	100	.	C	<*>	0	.	DP=9;I16=9,0,0,0,350,14094,0,0,509,29641,0,0,159,3427,0,0;QS=1,0;MQ0F=0	PL	0,27,189
17	101	.	C	<*>	0	.	DP=9;I16=9,0,0,0,331,12701,0,0,509,29641,0,0,159,3349,0,0;QS=1,0;MQ0F=0	PL	0,27,182
17	102	.	C	<*>	0	.	DP=9;I16=9,0,0,0,349,13977,0,0,509,29641,0,0,159,3283,0,0;QS=1,0;MQ0F=0	PL	0,27,188
17	103	.	T	<*>	0	.	DP=9;I16=8,0,0,0,338,14304,0,0,480,28800,0,0,153,3193,0,0;QS=1,0;MQ0F=0	PL	0,24,189
17	104	.	G	<*>	0	.	DP=9;I16=8,0,0,0,310,12224,0,0,480,28800,0,0,152,3138,0,0;QS=1,0;MQ0F=0	PL	0,24,178
17	105	.	G	<*>	0	.	DP=10;I16=9,0,0,0,306,10992,0,0,540,32400,0,0,151,3093,0,0;QS=1,0;MQ0F=0	PL	0,27,170
17	106	.	G	<*>	0	.	DP=10;I16=10,0,0,0,371,14379,0,0,569,33241,0,0,160,3140,0,0;QS=1,0;MQ0F=0	PL	0,30,190
17	107	.	C	<*>	0	.	DP=10;I16=9,0,0,0,364,14858,0,0,540,32400,0,0,151,3037,0,0;QS=1,0;MQ0F=0	PL	0,27,192
17	108	.	C	<*>	0	.	DP=10;I16=9,0,0,0,358,14384,0,0,540,32400,0,0,151,3027,0,0;QS=1,0;MQ0F=0	PL	0,27,190
17	109	.	T	<*>	0	.	DP=10;I16=9,0,0,0,367,15083,0,0,540,32400,0,0,151,3029,0,0;QS=1,0;MQ0F=0	PL	0,27,195
17	110	.	G	<*>	0	.	DP=10;I16=9,0,0,0,369,15193,0,0,540,32400,0,0,151,3043,0,0;QS=1,0;MQ0F=0	PL	0,27,194
17	111	.	G	<*>	0	.	DP=10;I16=10,0,0,0,316,10760,0,0,569,33241,0,0,165,3265,0,0;QS=1,0;MQ0F=0	PL	0,30,167
17	112	.	C	<*>	0	.	DP=10;I16=9,0,0,0,362,14690,0,0,540,32400,0,0,151,3107,0,0;QS=1,0;MQ0F=0	PL	0,27,191
17	113	.	A	<*>	0	.	DP=10;I16=9,0,0,0,334,12490,0,0,540,32400,0,0,150,3106,0,0;QS=1,0;MQ0F=0	PL	0,27,176
17	114	.	C	<*>	0	.	DP=10;I16=9,0,0,0,347,13441,0,0,540,32400,0,0,149,3115,0,0;QS=1,0;MQ0F=0	PL	0,27,182
17	115	.	C	<*>	0	.	DP=10;I16=10,0,0,0,367,14165,0,0,569,33241,0,0,166,3458,0,0;QS=1,0;MQ0F=0	PL	0,30,189
17	116	.	A	<*>	0	.	DP=10;I16=9,0,0,0,351,13723,0,0,540,32400,0,0,146,3114,0,0;QS=1,0;MQ0F=0	PL	0,27,183
17	117	.	G	<*>	0	.	DP=10;I16=9,0,0,0,342,13166,0,0,540,32400,0,0,144,3106,0,0;QS=1,0;MQ0F=0	PL	0,27,183
17	118	.	G	<*>	0	.	DP=9;I16=9,0,0,0,317,11785,0,0,509,29641,0,0,164,3550,0,0;QS=1,0;MQ0F=0	PL	0,27,175
17	119	.	G	<*>	0	.	DP=9;I16=8,0,0,0,308,11972,0,0,480,28800,0,0,142,3122,0,0;QS=1,0;MQ0F=0	PL	0,24,175
17	120	.	A	<*>	0	.	DP=9;I16=8,0,0,0,311,12135,0,0,480,28800,0,0,141,3145,0,0;QS=1,0;MQ0F=0	PL	0,24,175
17	121	.	G	<*>	0	.	DP=9;I16=8,0,0,0,315,12547,0,0,480,28800,0,0,139,3127,0,0;QS=1,0;MQ0F=0	PL	0,24,181
17	122	.	C	<*>	0	.	DP=9;I16=8,0,0,0,320,12864,0,0,480,28800,0,0,137,3117,0,0;QS=1,0;MQ0F=0	PL	0,24,181
17	123	.	T	<*>	0	.	DP=8;I16=7,0,0,0,274,10782,0,0,420,25200,0,0,136,3114,0,0;QS=1,0;MQ0F=0	PL	0,21,167
17	124	.	T	<*>	0	.	DP=9;I16=9,0,0,0,276,9034,0,0,509,29641,0,0,160,3742,0,0;QS=1,0;MQ0F=0	PL	0,27,154
17	125	.	A	<*>	0	.	DP=8;I16=7,0,0,0,253,9195,0,0,420,25200,0,0,136,3126,0,0;QS=1,0;MQ0F=0	PL	0,21,154
17	126	.	A	<*>	0	.	DP=8;I16=8,0,0,0,275,9967,0,0,449,26041,0,0,162,3766,0,0;QS=1,0;MQ0F=0	PL	0,24,162
17	127	.	C	<*>	0	.	DP=8;I16=8,0,0,0,280,10340,0,0,449,26041,0,0,163,3787,0,0;QS=1,0;MQ0F=0	PL	0,24,163
17	128	.	A	<*>	0	.	DP=8;I16=8,0,0,0,295,11123,0,0,449,26041,0,0,164,3814,0,0;QS=1,0;MQ0F=0	PL	0,24,169
17	129	.	A	<*>	0	.	DP=8;I16=8,0,0,0,291,10845,0,0,449,26041,0,0,165,3847,0,0;QS=1,0;MQ0F=0	PL	0,24,168
17	130	.	A	<*>	0	.	DP=8;I16=8,0,0,0,292,10932,0,0,449,26041,0,0,166,3886,0,0;QS=1,0;MQ0F=0	PL	0,24,169
17	131	.	C	<*>	0	.	DP=7;I16=7,0,0,0,276,10910,0,0,420,25200,0,0,141,3255,0,0;QS=1,0;MQ0F=0	PL	0,21,167
17	132	.	A	<*>	0	.	DP=7;I16=7,0,0,0,279,11147,0,0,420,25200,0,0,141,3253,0,0;QS=1,0;MQ0F=0	PL	0,21,169
17	133	.	T	<*>	0	.	DP=7;I16=7,0,0,0,269,10365,0,0,420,25200,0,0,141,3255,0,0;QS=1,0;MQ0F=0	PL	0,21,163
17	134	.	C	<*>	0	.	DP=7;I16=7,0,0,0,293,12279,0,0,420,25200,0,0,141,3261,0,0;QS=1,0;MQ0F=0	PL	0,21,177
17	135	.	T	<*>	0	.	DP=7;I16=7,0,0,0,286,11708,0,0,420,25200,0,0,141,3271,0,0;QS=1,0;MQ0F=0	PL	0,21,173
17	136	.	G	<*>	0	.	DP=7;I16=7,0,0,0,283,11471,0,0,420,25200,0,0,141,3285,0,0;QS=1,0;MQ0F=0	PL	0,21,172
17	137	.	T	<*>	0	.	DP=7;I16=7,0,0,0,263,9933,0,0,420,25200,0,0,141,3303,0,0;QS=1,0;MQ0F=0	PL	0,21,160
17	138	.	C	<*>	0	.	DP=7;I16=7,0,0,0,284,11546,0,0,420,25200,0,0,141,3325,0,0;QS=1,0;MQ0F=0	PL	0,21,172
17	139	.	C	<*>	0	.	DP=7;I16=7,0,0,0,263,9957,0,0,420,25200,0,0,140,3302,0,0;QS=1,0;MQ0F=0	PL	0,21,161
17	140	.	A	<*>	0	.	DP=7;I16=7,0,0,0,269,10379,0,0,420,25200,0,0,139,3285,0,0;QS=1,0;MQ0F=0	PL	0,21,163
17	141	.	G	<*>	0	.	DP=6;I16=6,0,0,0,239,9599,0,0,360,21600,0,0,139,3273,0,0;QS=1,0;MQ0F=0	PL	0,18,158
17	142	.	C	<*>	0	.	DP=6;I16=6,0,0,0,239,9557,0,0,360,21600,0,0,139,3265,0,0;QS=1,0;MQ0F=0	PL	0,18,157
17	143	.	G	<*>	0	.	DP=6;I16=6,0,0,0,197,6487,0,0,360,21600,0,0,139,3261,0,0;QS=1,0;MQ0F=0	PL	0,18,128
17	144	.	A	<*>	0	.	DP=6;I16=6,0,0,0,232,9020,0,0,360,21600,0,0,138,3212,0,0;QS=1,0;MQ0F=0	PL	0,18,152
17	145	.	A	<*>	0	.	DP=6;I16=6,0,0,0,233,9089,0,0,360,21600,0,0,137,3169,0,0;QS=1,0;MQ0F=0	PL	0,18,153
17	146	.	T	<*>	0	.	DP=6;I16=6,0,0,0,233,9065,0,0,360,21600,0,0,136,3132,0,0;QS=1,0;MQ0F=0	PL	0,18,152
17	147	.	A	<*>	0	.	DP=6;I16=6,0,0,0,229,8771,0,0,360,21600,0,0,135,3101,0,0;QS=1,0;MQ0F=0	PL	0,18,150
17	148	.	C	<*>	0	.	DP=6;I16=6,0,0,0,240,9618,0,0,360,21600,0,0,134,3076,0,0;QS=1,0;MQ0F=0	PL	0,18,157
17	149	.	C	<*>	0	.	DP=6;I16=6,0,0,0,219,8419,0,0,360,21600,0,0,133,3057,0,0;QS=1,0;MQ0F=0	PL	0,18,148
17	150	.	T	<*>	0	.	DP=6;I16=6,0,0,0,234,9158,0,0,360,21600,0,0,131,2993,0,0;QS=1,0;MQ0F=0	PL	0,18,153
