##fileformat=VCFv4.2
##FILTER=<ID=PASS,Description="All filters passed">
##contig=<ID=17,length=4200>
##ALT=<ID=*,Description="Represents allele(s) other than observed.">
##INFO=<ID=INDEL,Number=0,Type=Flag,Description="Indicates that the variant is an INDEL.">
##INFO=<ID=IDV,Number=1,Type=Integer,Description="Maximum number of raw reads supporting an indel">
##INFO=<ID=IMF,Number=1,Type=Float,Description="Maximum fraction of raw reads supporting an indel">
##INFO=<ID=DP,Number=1,Type=Integer,Description="Raw read depth">
##INFO=<ID=VDB,Number=1,Type=Float,Description="Variant Distance Bias for filtering splice-site artefacts in RNA-seq data (bigger is better)",Version="3">
##INFO=<ID=RPB,Number=1,Type=Float,Description="Mann-Whitney U test of Read Position Bias (bigger is better)">
##INFO=<ID=MQB,Number=1,Type=Float,Description="Mann-Whitney U test of Mapping Quality Bias (bigger is better)">
##INFO=<ID=BQB,Number=1,Type=Float,Description="Mann-Whitney U test of Base Quality Bias (bigger is better)">
##INFO=<ID=MQSB,Number=1,Type=Float,Description="Mann-Whitney U test of Mapping Quality vs Strand Bias (bigger is better)">
##INFO=<ID=SGB,Number=1,Type=Float,Description="Segregation based metric.">
##INFO=<ID=MQ0F,Number=1,Type=Float,Description="Fraction of MQ0 reads (smaller is better)">
##INFO=<ID=I16,Number=16,Type=Float,Description="Auxiliary tag used for calling, see description of bcf_callret1_t in bam2bcf.h">
##INFO=<ID=QS,Number=R,Type=Float,Description="Auxiliary tag used for calling">
##FORMAT=<ID=PL,Number=G,Type=Integer,Description="List of Phred-scaled genotype likelihoods">
#CHROM	POS	ID	REF	ALT	QUAL	FILTER	INFO	FORMAT	SAMPLE1	SAMPLE2
17	100	.	C	<*>	0	.	DP=9;I16=8,0,0,0,338,15668,0,0,449,26041,0,0,173,4019,0,0;QS=2,0;MQ0F=0	PL	0,9,108	0,15,134
17	101	.	C	<*>	0	.	DP=9;I16=8,0,0,0,319,14829,0,0,449,26041,0,0,172,3954,0,0;QS=2,0;MQ0F=0	PL	0,9,99	0,15,132
17	102	.	C	<*>	0	.	DP=9;I16=8,0,0,0,346,16476,0,0,449,26041,0,0,171,3895,0,0;QS=2,0;MQ0F=0	PL	0,9,111	0,15,139
17	103	.	T	<*>	0	.	DP=9;I16=8,0,0,0,354,17694,0,0,449,26041,0,0,170,3842,0,0;QS=2,0;MQ0F=0	PL	0,9,108	0,15,147
17	104	.	G	<*>	0	.	DP=9;I16=7,0,0,0,301,14499,0,0,420,25200,0,0,143,3121,0,0;QS=2,0;MQ0F=0	PL	0,6,89	0,15,133
17	105	.	G	<*>	0	.	DP=9;I16=8,0,0,0,298,12944,0,0,449,26041,0,0,166,3658,0,0;QS=2,0;MQ0F=0	PL	0,9,97	0,15,125
17	106	.	G	<*>	0	.	DP=9;I16=7,0,0,0,273,12195,0,0,420,25200,0,0,139,2953,0,0;QS=2,0;MQ0F=0	PL	0,6,85	0,15,124
17	107	.	C	<*>	0	.	DP=9;I16=8,0,0,0,330,15206,0,0,449,26041,0,0,162,3506,0,0;QS=2,0;MQ0F=0	PL	0,9,108	0,15,136
17	108	.	C	<*>	0	.	DP=9;I16=8,0,0,0,334,15764,0,0,449,26041,0,0,159,3393,0,0;QS=2,0;MQ0F=0	PL	0,9,108	0,15,135
17	109	.	T	<*>	0	.	DP=9;I16=8,0,0,0,374,19190,0,0,449,26041,0,0,156,3290,0,0;QS=2,0;MQ0F=0	PL	0,9,110	0,15,150
17	110	.	G	<*>	0	.	DP=9;I16=8,0,0,0,335,16083,0,0,449,26041,0,0,153,3197,0,0;QS=2,0;MQ0F=0	PL	0,9,104	0,15,136
17	111	.	G	<*>	0	.	DP=9;I16=6,0,0,0,268,13602,0,0,360,21600,0,0,107,2151,0,0;QS=2,0;MQ0F=0	PL	0,6,88	0,12,118
17	112	.	C	<*>	0	.	DP=9;I16=8,0,0,0,318,15164,0,0,449,26041,0,0,145,2945,0,0;QS=2,0;MQ0F=0	PL	0,9,95	0,15,135
17	113	.	A	<*>	0	.	DP=9;I16=7,0,0,0,311,15545,0,0,420,25200,0,0,116,2212,0,0;QS=2,0;MQ0F=0	PL	0,6,87	0,15,139
17	114	.	C	<*>	0	.	DP=9;I16=8,0,0,0,327,15347,0,0,449,26041,0,0,137,2741,0,0;QS=2,0;MQ0F=0	PL	0,9,103	0,15,133
17	115	.	C	<*>	0	.	DP=11;I16=8,0,0,0,341,16381,0,0,480,28800,0,0,108,2032,0,0;QS=2,0;MQ0F=0	PL	0,6,89	0,18,147
17	116	.	A	<*>	0	.	DP=11;I16=8,1,0,0,376,18032,0,0,509,29641,0,0,107,1965,0,0;QS=2,0;MQSB=1;MQ0F=0	PL	0,6,90	0,21,175
17	117	.	G	<*>	0	.	DP=11;I16=8,1,0,0,370,17312,0,0,509,29641,0,0,105,1913,0,0;QS=2,0;MQSB=1;MQ0F=0	PL	0,6,85	0,21,177
17	118	.	G	<*>	0	.	DP=11;I16=7,1,0,0,319,14789,0,0,449,26041,0,0,102,1876,0,0;QS=2,0;MQSB=1;MQ0F=0	PL	0,3,60	0,21,162
17	119	.	G	<*>	0	.	DP=10;I16=8,1,0,0,321,14467,0,0,478,26882,0,0,125,2431,0,0;QS=2,0;MQSB=1;MQ0F=0	PL	0,6,73	0,21,160
17	120	.	A	<*>	0	.	DP=10;I16=8,1,0,0,361,17053,0,0,478,26882,0,0,123,2373,0,0;QS=2,0;MQSB=1;MQ0F=0	PL	0,6,83	0,21,171
17	121	.	G	<*>	0	.	DP=10;I16=8,1,0,0,347,15913,0,0,478,26882,0,0,121,2327,0,0;QS=2,0;MQSB=1;MQ0F=0	PL	0,6,80	0,21,168
17	122	.	C	<*>	0	.	DP=11;I16=9,1,0,0,396,18360,0,0,538,30482,0,0,119,2293,0,0;QS=2,0;MQSB=1;MQ0F=0	PL	0,9,99	0,21,178
17	123	.	T	<*>	0	.	DP=10;I16=8,1,0,0,387,19215,0,0,478,26882,0,0,119,2271,0,0;QS=2,0;MQSB=1;MQ0F=0	PL	0,9,112	0,18,166
17	124	.	T	<*>	0	.	DP=10;I16=8,1,0,0,350,15768,0,0,478,26882,0,0,119,2261,0,0;QS=2,0;MQSB=1;MQ0F=0	PL	0,9,104	0,18,154
17	125	.	A	<*>	0	.	DP=10;I16=8,1,0,0,358,16494,0,0,478,26882,0,0,118,2214,0,0;QS=2,0;MQSB=1;MQ0F=0	PL	0,9,104	0,18,162
17	126	.	A	<*>	0	.	DP=10;I16=8,1,0,0,373,17399,0,0,478,26882,0,0,117,2181,0,0;QS=2,0;MQSB=1;MQ0F=0	PL	0,9,107	0,18,174
17	127	.	C	<*>	0	.	DP=10;I16=8,1,0,0,366,16632,0,0,478,26882,0,0,116,2162,0,0;QS=2,0;MQSB=1;MQ0F=0	PL	0,9,109	0,18,160
17	128	.	A	<*>	0	.	DP=10;I16=8,1,0,0,378,17674,0,0,478,26882,0,0,115,2157,0,0;QS=2,0;MQSB=1;MQ0F=0	PL	0,9,111	0,18,162
17	129	.	A	<*>	0	.	DP=9;I16=7,1,0,0,354,17046,0,0,418,23282,0,0,115,2165,0,0;QS=2,0;MQSB=1;MQ0F=0	PL	0,9,113	0,15,159
17	130	.	A	<*>	0	.	DP=9;I16=7,1,0,0,349,16363,0,0,418,23282,0,0,115,2185,0,0;QS=2,0;MQSB=1;MQ0F=0	PL	0,9,113	0,15,152
17	131	.	C	<*>	0	.	DP=9;I16=7,1,0,0,330,14822,0,0,418,23282,0,0,115,2217,0,0;QS=2,0;MQSB=1;MQ0F=0	PL	0,9,110	0,15,147
17	132	.	A	<*>	0	.	DP=9;I16=7,1,0,0,348,16432,0,0,418,23282,0,0,115,2261,0,0;QS=2,0;MQSB=1;MQ0F=0	PL	0,9,110	0,15,151
17	133	.	T	<*>	0	.	DP=8;I16=6,2,0,0,315,12451,0,0,418,23282,0,0,141,2941,0,0;QS=2,0;MQSB=0.666667;MQ0F=0	PL	0,9,105	0,15,150
17	134	.	C	<*>	0	.	DP=8;I16=6,2,0,0,314,12374,0,0,418,23282,0,0,142,3006,0,0;QS=2,0;MQSB=0.666667;MQ0F=0	PL	0,9,105	0,15,152
17	135	.	T	<*>	0	.	DP=8;I16=6,2,0,0,314,12470,0,0,418,23282,0,0,143,3081,0,0;QS=2,0;MQSB=0.666667;MQ0F=0	PL	0,9,106	0,15,156
17	136	.	G	<*>	0	.	DP=8;I16=6,2,0,0,291,10787,0,0,418,23282,0,0,145,3165,0,0;QS=2,0;MQSB=0.666667;MQ0F=0	PL	0,9,105	0,15,134
17	137	.	T	<*>	0	.	DP=8;I16=6,2,0,0,300,11444,0,0,418,23282,0,0,148,3258,0,0;QS=2,0;MQSB=0.666667;MQ0F=0	PL	0,9,104	0,15,139
17	138	.	C	<*>	0	.	DP=8;I16=6,2,0,0,300,11542,0,0,418,23282,0,0,150,3312,0,0;QS=2,0;MQSB=0.666667;MQ0F=0	PL	0,9,108	0,15,142
17	139	.	C	<*>	0	.	DP=8;I16=6,2,0,0,291,10833,0,0,418,23282,0,0,152,3378,0,0;QS=2,0;MQSB=0.666667;MQ0F=0	PL	0,9,106	0,15,143
17	140	.	A	<*>	0	.	DP=8;I16=6,2,0,0,314,12410,0,0,418,23282,0,0,153,3405,0,0;QS=2,0;MQSB=0.666667;MQ0F=0	PL	0,9,107	0,15,153
17	141	.	G	<*>	0	.	DP=8;I16=6,2,0,0,295,11151,0,0,418,23282,0,0,153,3391,0,0;QS=2,0;MQSB=0.666667;MQ0F=0	PL	0,9,108	0,15,142
17	142	.	C	<*>	0	.	DP=8;I16=6,2,0,0,264,9036,0,0,418,23282,0,0,153,3385,0,0;QS=2,0;MQSB=0.666667;MQ0F=0	PL	0,9,97	0,15,129
17	143	.	G	<*>	0	.	DP=8;I16=5,2,0,0,218,7170,0,0,358,19682,0,0,146,3338,0,0;QS=2,0;MQSB=0.7;MQ0F=0	PL	0,9,95	0,12,97
17	144	.	A	<*>	0	.	DP=8;I16=6,2,0,0,287,10705,0,0,418,23282,0,0,153,3397,0,0;QS=2,0;MQSB=0.666667;MQ0F=0	PL	0,9,105	0,15,129
17	145	.	A	<*>	0	.	DP=8;I16=6,2,0,0,294,11200,0,0,418,23282,0,0,153,3415,0,0;QS=2,0;MQSB=0.666667;MQ0F=0	PL	0,9,106	0,15,138
17	146	.	T	<*>	0	.	DP=8;I16=6,2,0,0,281,10419,0,0,418,23282,0,0,153,3441,0,0;QS=2,0;MQSB=0.666667;MQ0F=0	PL	0,9,103	0,15,128
17	147	.	A	<*>	0	.	DP=8;I16=6,2,0,0,286,10442,0,0,418,23282,0,0,153,3475,0,0;QS=2,0;MQSB=0.666667;MQ0F=0	PL	0,9,99	0,15,140
17	148	.	C	<*>	0	.	DP=8;I16=6,2,0,0,301,11401,0,0,418,23282,0,0,152,3466,0,0;QS=2,0;MQSB=0.666667;MQ0F=0	PL	0,9,106	0,15,146
17	149	.	C	<*>	0	.	DP=8;I16=6,2,0,0,293,10907,0,0,418,23282,0,0,150,3414,0,0;QS=2,0;MQSB=0.666667;MQ0F=0	PL	0,9,109	0,15,140
17	150	.	T	<*>	0	.	DP=7;I16=5,2,0,0,277,11093,0,0,389,22441,0,0,149,3369,0,0;QS=2,0;MQSB=0.5;MQ0F=0	PL	0,6,84	0,15,152
