##fileformat=VCFv4.2
##FILTER=<ID=PASS,Description="All filters passed">
##contig=<ID=17,length=4200>
##ALT=<ID=*,Description="Represents allele(s) other than observed.">
##INFO=<ID=INDEL,Number=0,Type=Flag,Description="Indicates that the variant is an INDEL.">
##INFO=<ID=IDV,Number=1,Type=Integer,Description="Maximum number of raw reads supporting an indel">
##INFO=<ID=IMF,Number=1,Type=Float,Description="Maximum fraction of raw reads supporting an indel">
##INFO=<ID=DP,Number=1,Type=Integer,Description="Raw read depth">
##INFO=<ID=VDB,Number=1,Type=Float,Description="Variant Distance Bias for filtering splice-site artefacts in RNA-seq data (bigger is better)",Version="3">
##INFO=<ID=RPB,Number=1,Type=Float,Description="Mann-Whitney U test of Read Position Bias (bigger is better)">
##INFO=<ID=MQB,Number=1,Type=Float,Description="Mann-Whitney U test of Mapping Quality Bias (bigger is better)">
##INFO=<ID=BQB,Number=1,Type=Float,Description="Mann-Whitney U test of Base Quality Bias (bigger is better)">
##INFO=<ID=MQSB,Number=1,Type=Float,Description="Mann-Whitney U test of Mapping Quality vs Strand Bias (bigger is better)">
##INFO=<ID=SGB,Number=1,Type=Float,Description="Segregation based metric.">
##INFO=<ID=MQ0F,Number=1,Type=Float,Description="Fraction of MQ0 reads (smaller is better)">
##INFO=<ID=I16,Number=16,Type=Float,Description="Auxiliary tag used for calling, see description of bcf_callret1_t in bam2bcf.h">
##INFO=<ID=QS,Number=R,Type=Float,Description="Auxiliary tag used for calling">
##FORMAT=<ID=PL,Number=G,Type=Integer,Description="List of Phred-scaled genotype likelihoods">
#CHROM	POS	ID	REF	ALT	QUAL	FILTER	INFO	FORMAT	SAMPLE1b	HG00100	SAMPLE1a	SAMPLE2	SAMPLE3
17	100	.	C	<*>	0	.	DP=16;I16=15,0,0,0,609,26637,0,0,838,48482,0,0,310,7132,0,0;QS=5,0;MQ0F=0	PL	0,3,19	0,6,78	0,12,128	0,9,108	0,15,134
17	101	.	C	<*>	0	.	DP=16;I16=15,0,0,0,587,25433,0,0,838,48482,0,0,309,7011,0,0;QS=5,0;MQ0F=0	PL	0,3,22	0,6,79	0,12,123	0,9,99	0,15,132
17	102	.	C	<*>	0	.	DP=16;I16=15,0,0,0,621,27715,0,0,838,48482,0,0,308,6904,0,0;QS=5,0;MQ0F=0	PL	0,3,20	0,6,78	0,12,129	0,9,111	0,15,139
17	103	.	T	<*>	0	.	DP=16;I16=14,0,0,0,612,28790,0,0,809,47641,0,0,301,6775,0,0;QS=4,0;MQ0F=0	PL	0,0,0	0,6,79	0,12,131	0,9,108	0,15,147
17	104	.	G	<*>	0	.	DP=16;I16=13,0,0,0,546,24526,0,0,780,46800,0,0,273,6009,0,0;QS=4,0;MQ0F=0	PL	0,0,0	0,6,78	0,12,123	0,6,89	0,15,133
17	105	.	G	<*>	0	.	DP=17;I16=15,0,0,0,542,21886,0,0,869,51241,0,0,295,6507,0,0;QS=5,0;MQ0F=0	PL	0,3,26	0,6,77	0,12,106	0,9,97	0,15,125
17	106	.	G	<*>	0	.	DP=17;I16=15,0,0,0,570,23834,0,0,869,51241,0,0,277,5851,0,0;QS=5,0;MQ0F=0	PL	0,6,43	0,6,75	0,12,130	0,6,85	0,15,124
17	107	.	C	<*>	0	.	DP=17;I16=15,0,0,0,614,26864,0,0,869,51241,0,0,291,6299,0,0;QS=5,0;MQ0F=0	PL	0,3,30	0,6,77	0,12,130	0,9,108	0,15,136
17	108	.	C	<*>	0	.	DP=17;I16=15,0,0,0,615,27183,0,0,869,51241,0,0,288,6170,0,0;QS=5,0;MQ0F=0	PL	0,3,30	0,6,78	0,12,128	0,9,108	0,15,135
17	109	.	T	<*>	0	.	DP=17;I16=15,0,0,0,664,31304,0,0,869,51241,0,0,285,6059,0,0;QS=5,0;MQ0F=0	PL	0,3,33	0,6,77	0,12,133	0,9,110	0,15,150
17	110	.	G	<*>	0	.	DP=17;I16=15,0,0,0,624,28074,0,0,869,51241,0,0,282,5966,0,0;QS=5,0;MQ0F=0	PL	0,3,35	0,6,78	0,12,130	0,9,104	0,15,136
17	111	.	G	<*>	0	.	DP=17;I16=14,0,0,0,514,21894,0,0,809,47641,0,0,250,5124,0,0;QS=5,0;MQ0F=0	PL	0,6,45	0,6,75	0,12,92	0,6,88	0,12,118
17	112	.	C	<*>	0	.	DP=17;I16=15,0,0,0,600,26654,0,0,869,51241,0,0,274,5738,0,0;QS=5,0;MQ0F=0	PL	0,3,30	0,6,77	0,12,129	0,9,95	0,15,135
17	113	.	A	<*>	0	.	DP=17;I16=14,0,0,0,575,25583,0,0,840,50400,0,0,244,4978,0,0;QS=5,0;MQ0F=0	PL	0,3,30	0,6,71	0,12,120	0,6,87	0,15,139
17	114	.	C	<*>	0	.	DP=17;I16=15,0,0,0,595,25667,0,0,869,51241,0,0,264,5486,0,0;QS=5,0;MQ0F=0	PL	0,3,33	0,6,75	0,12,118	0,9,103	0,15,133
17	115	.	C	<*>	0	.	DP=19;I16=16,0,0,0,635,27881,0,0,929,54841,0,0,252,5086,0,0;QS=5,0;MQ0F=0	PL	0,6,43	0,6,80	0,12,123	0,6,89	0,18,147
17	116	.	A	<*>	0	.	DP=19;I16=15,1,0,0,653,29009,0,0,929,54841,0,0,231,4637,0,0;QS=5,0;MQSB=1;MQ0F=0	PL	0,3,37	0,6,75	0,12,121	0,6,90	0,21,175
17	117	.	G	<*>	0	.	DP=19;I16=15,1,0,0,642,27956,0,0,929,54841,0,0,227,4535,0,0;QS=5,0;MQSB=1;MQ0F=0	PL	0,3,37	0,6,77	0,12,117	0,6,85	0,21,177
17	118	.	G	<*>	0	.	DP=19;I16=15,1,0,0,599,25205,0,0,898,52082,0,0,243,4897,0,0;QS=5,0;MQSB=1;MQ0F=0	PL	0,6,43	0,6,77	0,12,116	0,3,60	0,21,162
17	119	.	G	<*>	0	.	DP=18;I16=15,1,0,0,591,24995,0,0,898,52082,0,0,243,4977,0,0;QS=5,0;MQSB=1;MQ0F=0	PL	0,3,38	0,6,78	0,12,114	0,6,73	0,21,160
17	120	.	A	<*>	0	.	DP=18;I16=15,1,0,0,634,27744,0,0,898,52082,0,0,239,4893,0,0;QS=5,0;MQSB=1;MQ0F=0	PL	0,3,41	0,6,75	0,12,116	0,6,83	0,21,171
17	121	.	G	<*>	0	.	DP=18;I16=15,1,0,0,631,27499,0,0,898,52082,0,0,235,4829,0,0;QS=5,0;MQSB=1;MQ0F=0	PL	0,3,39	0,6,80	0,12,121	0,6,80	0,21,168
17	122	.	C	<*>	0	.	DP=19;I16=16,1,0,0,675,29543,0,0,958,55682,0,0,231,4785,0,0;QS=5,0;MQSB=1;MQ0F=0	PL	0,3,40	0,6,78	0,12,119	0,9,99	0,21,178
17	123	.	T	<*>	0	.	DP=17;I16=14,1,0,0,624,28628,0,0,838,48482,0,0,230,4760,0,0;QS=5,0;MQSB=1;MQ0F=0	PL	0,3,39	0,6,75	0,9,98	0,9,112	0,18,166
17	124	.	T	<*>	0	.	DP=17;I16=15,1,0,0,567,23061,0,0,867,49323,0,0,254,5378,0,0;QS=5,0;MQSB=1;MQ0F=0	PL	0,6,33	0,6,70	0,9,89	0,9,104	0,18,154
17	125	.	A	<*>	0	.	DP=16;I16=13,1,0,0,544,23440,0,0,778,44882,0,0,228,4714,0,0;QS=5,0;MQSB=1;MQ0F=0	PL	0,3,38	0,6,72	0,6,63	0,9,104	0,18,162
17	126	.	A	<*>	0	.	DP=16;I16=14,1,0,0,577,24833,0,0,807,45723,0,0,252,5318,0,0;QS=5,0;MQSB=1;MQ0F=0	PL	0,6,50	0,6,72	0,6,67	0,9,107	0,18,174
17	127	.	C	<*>	0	.	DP=16;I16=14,1,0,0,573,24303,0,0,807,45723,0,0,251,5315,0,0;QS=5,0;MQSB=1;MQ0F=0	PL	0,6,46	0,6,69	0,6,75	0,9,109	0,18,160
17	128	.	A	<*>	0	.	DP=16;I16=14,1,0,0,601,26205,0,0,807,45723,0,0,250,5330,0,0;QS=5,0;MQSB=1;MQ0F=0	PL	0,6,59	0,6,74	0,6,72	0,9,111	0,18,162
17	129	.	A	<*>	0	.	DP=15;I16=13,1,0,0,576,25510,0,0,747,42123,0,0,250,5362,0,0;QS=5,0;MQSB=1;MQ0F=0	PL	0,6,59	0,6,72	0,6,73	0,9,113	0,15,159
17	130	.	A	<*>	0	.	DP=15;I16=13,1,0,0,570,24774,0,0,747,42123,0,0,250,5410,0,0;QS=5,0;MQSB=1;MQ0F=0	PL	0,6,60	0,6,76	0,6,68	0,9,113	0,15,152
17	131	.	C	<*>	0	.	DP=14;I16=12,1,0,0,530,22844,0,0,718,41282,0,0,224,4798,0,0;QS=5,0;MQSB=1;MQ0F=0	PL	0,3,38	0,6,77	0,6,71	0,9,110	0,15,147
17	132	.	A	<*>	0	.	DP=14;I16=12,1,0,0,552,24766,0,0,718,41282,0,0,223,4825,0,0;QS=5,0;MQSB=1;MQ0F=0	PL	0,3,42	0,6,73	0,6,75	0,9,110	0,15,151
17	133	.	T	<*>	0	.	DP=13;I16=11,2,0,0,512,20224,0,0,718,41282,0,0,248,5490,0,0;QS=5,0;MQSB=0.590909;MQ0F=0	PL	0,3,38	0,6,74	0,6,71	0,9,105	0,15,150
17	134	.	C	<*>	0	.	DP=13;I16=11,2,0,0,526,21368,0,0,718,41282,0,0,248,5542,0,0;QS=5,0;MQSB=0.590909;MQ0F=0	PL	0,3,41	0,6,79	0,6,77	0,9,105	0,15,152
17	135	.	T	<*>	0	.	DP=13;I16=11,2,0,0,523,21213,0,0,718,41282,0,0,248,5606,0,0;QS=5,0;MQSB=0.590909;MQ0F=0	PL	0,3,40	0,6,78	0,6,77	0,9,106	0,15,156
17	136	.	G	<*>	0	.	DP=13;I16=11,2,0,0,495,19137,0,0,718,41282,0,0,249,5681,0,0;QS=5,0;MQSB=0.590909;MQ0F=0	PL	0,3,39	0,6,79	0,6,71	0,9,105	0,15,134
17	137	.	T	<*>	0	.	DP=13;I16=11,2,0,0,494,18984,0,0,718,41282,0,0,251,5767,0,0;QS=5,0;MQSB=0.590909;MQ0F=0	PL	0,3,39	0,6,73	0,6,69	0,9,104	0,15,139
17	138	.	C	<*>	0	.	DP=13;I16=11,2,0,0,504,19886,0,0,718,41282,0,0,252,5816,0,0;QS=5,0;MQSB=0.590909;MQ0F=0	PL	0,3,40	0,6,79	0,6,71	0,9,108	0,15,142
17	139	.	C	<*>	0	.	DP=13;I16=11,2,0,0,479,17977,0,0,718,41282,0,0,252,5830,0,0;QS=5,0;MQSB=0.590909;MQ0F=0	PL	0,3,37	0,6,76	0,6,62	0,9,106	0,15,143
17	140	.	A	<*>	0	.	DP=13;I16=11,2,0,0,509,20051,0,0,718,41282,0,0,251,5809,0,0;QS=5,0;MQSB=0.590909;MQ0F=0	PL	0,3,39	0,6,73	0,6,70	0,9,107	0,15,153
17	141	.	G	<*>	0	.	DP=12;I16=10,2,0,0,452,17388,0,0,658,37682,0,0,250,5750,0,0;QS=5,0;MQSB=0.6;MQ0F=0	PL	0,3,36	0,6,79	0,3,34	0,9,108	0,15,142
17	142	.	C	<*>	0	.	DP=12;I16=10,2,0,0,426,15624,0,0,658,37682,0,0,249,5701,0,0;QS=5,0;MQSB=0.6;MQ0F=0	PL	0,3,39	0,6,78	0,3,37	0,9,97	0,15,129
17	143	.	G	<*>	0	.	DP=12;I16=9,2,0,0,353,11735,0,0,598,34082,0,0,241,5613,0,0;QS=5,0;MQSB=0.611111;MQ0F=0	PL	0,3,33	0,6,60	0,3,36	0,9,95	0,12,97
17	144	.	A	<*>	0	.	DP=12;I16=10,2,0,0,443,16837,0,0,658,37682,0,0,246,5584,0,0;QS=5,0;MQSB=0.6;MQ0F=0	PL	0,3,33	0,6,75	0,3,41	0,9,105	0,15,129
17	145	.	A	<*>	0	.	DP=12;I16=10,2,0,0,451,17401,0,0,658,37682,0,0,244,5518,0,0;QS=5,0;MQSB=0.6;MQ0F=0	PL	0,3,42	0,6,74	0,3,34	0,9,106	0,15,138
17	146	.	T	<*>	0	.	DP=12;I16=10,2,0,0,439,16671,0,0,658,37682,0,0,242,5464,0,0;QS=5,0;MQSB=0.6;MQ0F=0	PL	0,3,37	0,6,73	0,3,41	0,9,103	0,15,128
17	147	.	A	<*>	0	.	DP=12;I16=10,2,0,0,444,16692,0,0,658,37682,0,0,240,5422,0,0;QS=5,0;MQSB=0.6;MQ0F=0	PL	0,3,40	0,6,70	0,3,41	0,9,99	0,15,140
17	148	.	C	<*>	0	.	DP=12;I16=10,2,0,0,465,18131,0,0,658,37682,0,0,237,5341,0,0;QS=5,0;MQSB=0.6;MQ0F=0	PL	0,3,39	0,6,77	0,3,41	0,9,106	0,15,146
17	149	.	C	<*>	0	.	DP=12;I16=10,2,0,0,433,16205,0,0,658,37682,0,0,233,5221,0,0;QS=5,0;MQSB=0.6;MQ0F=0	PL	0,3,38	0,6,77	0,3,18	0,9,109	0,15,140
17	150	.	T	<*>	0	.	DP=11;I16=9,2,0,0,436,17434,0,0,629,36841,0,0,230,5112,0,0;QS=5,0;MQSB=0.5;MQ0F=0	PL	0,3,36	0,6,76	0,3,40	0,6,84	0,15,152
