##fileformat=VCFv4.2
##FILTER=<ID=PASS,Description="All filters passed">
##contig=<ID=17,length=4200>
##ALT=<ID=*,Description="Represents allele(s) other than observed.">
##INFO=<ID=INDEL,Number=0,Type=Flag,Description="Indicates that the variant is an INDEL.">
##INFO=<ID=IDV,Number=1,Type=Integer,Description="Maximum number of raw reads supporting an indel">
##INFO=<ID=IMF,Number=1,Type=Float,Description="Maximum fraction of raw reads supporting an indel">
##INFO=<ID=DP,Number=1,Type=Integer,Description="Raw read depth">
##INFO=<ID=VDB,Number=1,Type=Float,Description="Variant Distance Bias for filtering splice-site artefacts in RNA-seq data (bigger is better)",Version="3">
##INFO=<ID=RPB,Number=1,Type=Float,Description="Mann-Whitney U test of Read Position Bias (bigger is better)">
##INFO=<ID=MQB,Number=1,Type=Float,Description="Mann-Whitney U test of Mapping Quality Bias (bigger is better)">
##INFO=<ID=BQB,Number=1,Type=Float,Description="Mann-Whitney U test of Base Quality Bias (bigger is better)">
##INFO=<ID=MQSB,Number=1,Type=Float,Description="Mann-Whitney U test of Mapping Quality vs Strand Bias (bigger is better)">
##INFO=<ID=SGB,Number=1,Type=Float,Description="Segregation based metric.">
##INFO=<ID=MQ0F,Number=1,Type=Float,Description="Fraction of MQ0 reads (smaller is better)">
##INFO=<ID=I16,Number=16,Type=Float,Description="Auxiliary tag used for calling, see description of bcf_callret1_t in bam2bcf.h">
##INFO=<ID=QS,Number=R,Type=Float,Description="Auxiliary tag used for calling">
##FORMAT=<ID=PL,Number=G,Type=Integer,Description="List of Phred-scaled genotype likelihoods">
#CHROM	POS	ID	REF	ALT	QUAL	FILTER	INFO	FORMAT	HG00100	HG00101	HG00102
17	100	.	C	<*>	0	.	DP=18;I16=17,0,0,0,688,29762,0,0,958,55682,0,0,332,7446,0,0;QS=3,0;MQ0F=0	PL	0,27,189	0,9,108	0,15,134
17	101	.	C	<*>	0	.	DP=18;I16=17,0,0,0,650,27530,0,0,958,55682,0,0,331,7303,0,0;QS=3,0;MQ0F=0	PL	0,27,182	0,9,99	0,15,132
17	102	.	C	<*>	0	.	DP=18;I16=17,0,0,0,695,30453,0,0,958,55682,0,0,330,7178,0,0;QS=3,0;MQ0F=0	PL	0,27,188	0,9,111	0,15,139
17	103	.	T	<*>	0	.	DP=18;I16=16,0,0,0,692,31998,0,0,929,54841,0,0,323,7035,0,0;QS=3,0;MQ0F=0	PL	0,24,189	0,9,108	0,15,147
17	104	.	G	<*>	0	.	DP=18;I16=15,0,0,0,611,26723,0,0,900,54000,0,0,295,6259,0,0;QS=3,0;MQ0F=0	PL	0,24,178	0,6,89	0,15,133
17	105	.	G	<*>	0	.	DP=19;I16=17,0,0,0,604,23936,0,0,989,58441,0,0,317,6751,0,0;QS=3,0;MQ0F=0	PL	0,27,170	0,9,97	0,15,125
17	106	.	G	<*>	0	.	DP=19;I16=17,0,0,0,644,26574,0,0,989,58441,0,0,299,6093,0,0;QS=3,0;MQ0F=0	PL	0,30,190	0,6,85	0,15,124
17	107	.	C	<*>	0	.	DP=19;I16=17,0,0,0,694,30064,0,0,989,58441,0,0,313,6543,0,0;QS=3,0;MQ0F=0	PL	0,27,192	0,9,108	0,15,136
17	108	.	C	<*>	0	.	DP=19;I16=17,0,0,0,692,30148,0,0,989,58441,0,0,310,6420,0,0;QS=3,0;MQ0F=0	PL	0,27,190	0,9,108	0,15,135
17	109	.	T	<*>	0	.	DP=19;I16=17,0,0,0,741,34273,0,0,989,58441,0,0,307,6319,0,0;QS=3,0;MQ0F=0	PL	0,27,195	0,9,110	0,15,150
17	110	.	G	<*>	0	.	DP=19;I16=17,0,0,0,704,31276,0,0,989,58441,0,0,304,6240,0,0;QS=3,0;MQ0F=0	PL	0,27,194	0,9,104	0,15,136
17	111	.	G	<*>	0	.	DP=19;I16=16,0,0,0,584,24362,0,0,929,54841,0,0,272,5416,0,0;QS=3,0;MQ0F=0	PL	0,30,167	0,6,88	0,12,118
17	112	.	C	<*>	0	.	DP=19;I16=17,0,0,0,680,29854,0,0,989,58441,0,0,296,6052,0,0;QS=3,0;MQ0F=0	PL	0,27,191	0,9,95	0,15,135
17	113	.	A	<*>	0	.	DP=19;I16=16,0,0,0,645,28035,0,0,960,57600,0,0,266,5318,0,0;QS=3,0;MQ0F=0	PL	0,27,176	0,6,87	0,15,139
17	114	.	C	<*>	0	.	DP=19;I16=17,0,0,0,674,28788,0,0,989,58441,0,0,286,5856,0,0;QS=3,0;MQ0F=0	PL	0,27,182	0,9,103	0,15,133
17	115	.	C	<*>	0	.	DP=21;I16=18,0,0,0,708,30546,0,0,1049,62041,0,0,274,5490,0,0;QS=3,0;MQ0F=0	PL	0,30,189	0,6,89	0,18,147
17	116	.	A	<*>	0	.	DP=21;I16=17,1,0,0,727,31755,0,0,1049,62041,0,0,253,5079,0,0;QS=3,0;MQSB=1;MQ0F=0	PL	0,27,183	0,6,90	0,21,175
17	117	.	G	<*>	0	.	DP=21;I16=17,1,0,0,712,30478,0,0,1049,62041,0,0,249,5019,0,0;QS=3,0;MQSB=1;MQ0F=0	PL	0,27,183	0,6,85	0,21,177
17	118	.	G	<*>	0	.	DP=20;I16=16,1,0,0,636,26574,0,0,958,55682,0,0,266,5426,0,0;QS=3,0;MQSB=1;MQ0F=0	PL	0,27,175	0,3,60	0,21,162
17	119	.	G	<*>	0	.	DP=19;I16=16,1,0,0,629,26439,0,0,958,55682,0,0,267,5553,0,0;QS=3,0;MQSB=1;MQ0F=0	PL	0,24,175	0,6,73	0,21,160
17	120	.	A	<*>	0	.	DP=19;I16=16,1,0,0,672,29188,0,0,958,55682,0,0,264,5518,0,0;QS=3,0;MQSB=1;MQ0F=0	PL	0,24,175	0,6,83	0,21,171
17	121	.	G	<*>	0	.	DP=19;I16=16,1,0,0,662,28460,0,0,958,55682,0,0,260,5454,0,0;QS=3,0;MQSB=1;MQ0F=0	PL	0,24,181	0,6,80	0,21,168
17	122	.	C	<*>	0	.	DP=20;I16=17,1,0,0,716,31224,0,0,1018,59282,0,0,256,5410,0,0;QS=3,0;MQSB=1;MQ0F=0	PL	0,24,181	0,9,99	0,21,178
17	123	.	T	<*>	0	.	DP=18;I16=15,1,0,0,661,29997,0,0,898,52082,0,0,255,5385,0,0;QS=3,0;MQSB=1;MQ0F=0	PL	0,21,167	0,9,112	0,18,166
17	124	.	T	<*>	0	.	DP=19;I16=17,1,0,0,626,24802,0,0,987,56523,0,0,279,6003,0,0;QS=3,0;MQSB=1;MQ0F=0	PL	0,27,154	0,9,104	0,18,154
17	125	.	A	<*>	0	.	DP=18;I16=15,1,0,0,611,25689,0,0,898,52082,0,0,254,5340,0,0;QS=3,0;MQSB=1;MQ0F=0	PL	0,21,154	0,9,104	0,18,162
17	126	.	A	<*>	0	.	DP=18;I16=16,1,0,0,648,27366,0,0,927,52923,0,0,279,5947,0,0;QS=3,0;MQSB=1;MQ0F=0	PL	0,24,162	0,9,107	0,18,174
17	127	.	C	<*>	0	.	DP=18;I16=16,1,0,0,646,26972,0,0,927,52923,0,0,279,5949,0,0;QS=3,0;MQSB=1;MQ0F=0	PL	0,24,163	0,9,109	0,18,160
17	128	.	A	<*>	0	.	DP=18;I16=16,1,0,0,673,28797,0,0,927,52923,0,0,279,5971,0,0;QS=3,0;MQSB=1;MQ0F=0	PL	0,24,169	0,9,111	0,18,162
17	129	.	A	<*>	0	.	DP=17;I16=15,1,0,0,645,27891,0,0,867,49323,0,0,280,6012,0,0;QS=3,0;MQSB=1;MQ0F=0	PL	0,24,168	0,9,113	0,15,159
17	130	.	A	<*>	0	.	DP=17;I16=15,1,0,0,641,27295,0,0,867,49323,0,0,281,6071,0,0;QS=3,0;MQSB=1;MQ0F=0	PL	0,24,169	0,9,113	0,15,152
17	131	.	C	<*>	0	.	DP=16;I16=14,1,0,0,606,25732,0,0,838,48482,0,0,256,5472,0,0;QS=3,0;MQSB=1;MQ0F=0	PL	0,21,167	0,9,110	0,15,147
17	132	.	A	<*>	0	.	DP=16;I16=14,1,0,0,627,27579,0,0,838,48482,0,0,256,5514,0,0;QS=3,0;MQSB=1;MQ0F=0	PL	0,21,169	0,9,110	0,15,151
17	133	.	T	<*>	0	.	DP=15;I16=13,2,0,0,584,22816,0,0,838,48482,0,0,282,6196,0,0;QS=3,0;MQSB=0.576923;MQ0F=0	PL	0,21,163	0,9,105	0,15,150
17	134	.	C	<*>	0	.	DP=15;I16=13,2,0,0,607,24653,0,0,838,48482,0,0,283,6267,0,0;QS=3,0;MQSB=0.576923;MQ0F=0	PL	0,21,177	0,9,105	0,15,152
17	135	.	T	<*>	0	.	DP=15;I16=13,2,0,0,600,24178,0,0,838,48482,0,0,284,6352,0,0;QS=3,0;MQSB=0.576923;MQ0F=0	PL	0,21,173	0,9,106	0,15,156
17	136	.	G	<*>	0	.	DP=15;I16=13,2,0,0,574,22258,0,0,838,48482,0,0,286,6450,0,0;QS=3,0;MQSB=0.576923;MQ0F=0	PL	0,21,172	0,9,105	0,15,134
17	137	.	T	<*>	0	.	DP=15;I16=13,2,0,0,563,21377,0,0,838,48482,0,0,289,6561,0,0;QS=3,0;MQSB=0.576923;MQ0F=0	PL	0,21,160	0,9,104	0,15,139
17	138	.	C	<*>	0	.	DP=15;I16=13,2,0,0,584,23088,0,0,838,48482,0,0,291,6637,0,0;QS=3,0;MQSB=0.576923;MQ0F=0	PL	0,21,172	0,9,108	0,15,142
17	139	.	C	<*>	0	.	DP=15;I16=13,2,0,0,554,20790,0,0,838,48482,0,0,292,6680,0,0;QS=3,0;MQSB=0.576923;MQ0F=0	PL	0,21,161	0,9,106	0,15,143
17	140	.	A	<*>	0	.	DP=15;I16=13,2,0,0,583,22789,0,0,838,48482,0,0,292,6690,0,0;QS=3,0;MQSB=0.576923;MQ0F=0	PL	0,21,163	0,9,107	0,15,153
17	141	.	G	<*>	0	.	DP=14;I16=12,2,0,0,534,20750,0,0,778,44882,0,0,292,6664,0,0;QS=3,0;MQSB=0.583333;MQ0F=0	PL	0,18,158	0,9,108	0,15,142
17	142	.	C	<*>	0	.	DP=14;I16=12,2,0,0,503,18593,0,0,778,44882,0,0,292,6650,0,0;QS=3,0;MQSB=0.583333;MQ0F=0	PL	0,18,157	0,9,97	0,15,129
17	143	.	G	<*>	0	.	DP=14;I16=11,2,0,0,415,13657,0,0,718,41282,0,0,285,6599,0,0;QS=3,0;MQSB=0.590909;MQ0F=0	PL	0,18,128	0,9,95	0,12,97
17	144	.	A	<*>	0	.	DP=14;I16=12,2,0,0,519,19725,0,0,778,44882,0,0,291,6609,0,0;QS=3,0;MQSB=0.583333;MQ0F=0	PL	0,18,152	0,9,105	0,15,129
17	145	.	A	<*>	0	.	DP=14;I16=12,2,0,0,527,20289,0,0,778,44882,0,0,290,6584,0,0;QS=3,0;MQSB=0.583333;MQ0F=0	PL	0,18,153	0,9,106	0,15,138
17	146	.	T	<*>	0	.	DP=14;I16=12,2,0,0,514,19484,0,0,778,44882,0,0,289,6573,0,0;QS=3,0;MQSB=0.583333;MQ0F=0	PL	0,18,152	0,9,103	0,15,128
17	147	.	A	<*>	0	.	DP=14;I16=12,2,0,0,515,19213,0,0,778,44882,0,0,288,6576,0,0;QS=3,0;MQSB=0.583333;MQ0F=0	PL	0,18,150	0,9,99	0,15,140
17	148	.	C	<*>	0	.	DP=14;I16=12,2,0,0,541,21019,0,0,778,44882,0,0,286,6542,0,0;QS=3,0;MQSB=0.583333;MQ0F=0	PL	0,18,157	0,9,106	0,15,146
17	149	.	C	<*>	0	.	DP=14;I16=12,2,0,0,512,19326,0,0,778,44882,0,0,283,6471,0,0;QS=3,0;MQSB=0.583333;MQ0F=0	PL	0,18,148	0,9,109	0,15,140
17	150	.	T	<*>	0	.	DP=13;I16=11,2,0,0,511,20251,0,0,749,44041,0,0,280,6362,0,0;QS=3,0;MQSB=0.5;MQ0F=0	PL	0,18,153	0,6,84	0,15,152
