#CHROM	POS	ID	REF	ALT	QUAL	FILTER	INFO	FORMAT	a3	a2	a1
#CHROM	POS	ID	REF	ALT	QUAL	FILTER	INFO	FORMAT	b2	b1
#CHROM	POS	ID	REF	ALT	QUAL	FILTER	INFO	FORMAT	c
22	23	.	C	A	.	.	.	GT	1/0
