1	100	.	.		.	.	.
1	98	.	.		.	.	.
1	99	.	.		.	.	.
1	98	.	.		.	.	.
1	92	.	.		.	.	.
1	98	.	.		.	.	.
2	5	.	.		.	.	.
2	6	.	.		.	.	.
2	5	.	.		.	.	.
3	3	.	.		.	.	.
3	3	.	.		.	.	.
3	3	.	.		.	.	.
3	0	.	.		.	.	.
3	3	.	.		.	.	.
3	3	.	.		.	.	.
3	3	.	.		.	.	.
3	3	.	.		.	.	.
3	3	.	.		.	.	.
