1	100	.	.		30	0	0
1	98	.	.		17	0	0
1	99	.	.		16	0	0
1	98	.	.		18	0	0
1	92	.	.		17	0	0
1	98	.	.		11	0	0
2	5	.	.		71	0	0
2	6	.	.		56	0	0
2	5	.	.		50	0	0
3	3	.	.		56	0	43
3	3	.	.		54	51	0
3	3	.	.		52	0	60
3	0	.	.		3	0	0
3	3	.	.		49	45	0
3	3	.	.		56	0	47
3	3	.	.		55	0	52
3	3	.	.		53	0	39
3	3	.	.		38	50	0
